[    1499ms] [WARNING] Manifest: property 'start_url' ignored, should be same origin as document. @ https://on24static.akamaized.net/view/react-console/build/26.3.1/manifest.json:0
[    2312ms] [LOG] [REACT 19 UPDATE][apollo-x] @ https://on24static.akamaized.net/view/react-console/build/26.3.1/assets/index-CPtSs1nq.gz.js:4510
[    4468ms] [INFO] [camera.buildInitialState] initial state: {devices: Array(0), disabledByCpuPressure: false, disabledByPoorNetwork: false, targetDeviceId: null, targetActive: true} @ https://on24static.akamaized.net/view/react-console/build/26.3.1/assets/i18n-D_LxThEO.gz.js:3436
[    4469ms] [INFO] [mic.buildInitialState] initial state: {devices: Array(0), targetDeviceId: null, targetActive: true, targetAnsEnabled: true, errorName: null} @ https://on24static.akamaized.net/view/react-console/build/26.3.1/assets/i18n-D_LxThEO.gz.js:3436
[    6217ms] [LOG] Missing space has to be greater than 1: -120 7 127 @ https://on24static.akamaized.net/view/react-console/build/26.3.1/assets/App.full.component-BNTVlXmL.gz.js:343
[    6232ms] [INFO] ##### New default player setup @ https://on24static.akamaized.net/view/react-console/build/26.3.1/assets/index-CPtSs1nq.gz.js:1202
[    6247ms] [LOG] %cAdaptive Video Streaming Service by www.bitmovin.com color:blue;font-weight:bold;font-size:14px; @ https://on24static.akamaized.net/view/console/shared/js/libs/bitmovinplayer-8.181.0.js:10
[    6248ms] [LOG] %cPlayer Version 8.181.0 color:black;font-weight:bold;font-size:12px; @ https://on24static.akamaized.net/view/console/shared/js/libs/bitmovinplayer-8.181.0.js:10
[    6343ms] [INFO] %c19:00:13.848 %cINF%c %clogtape·meta %cLogTape loggers are configured.  Note that LogTape itself uses the meta logger, which has category %o.  The meta logger purposes to log internal errors such as sink exceptions.  If you are seeing this message, the meta logger is automatically configured.  It's recommended to configure the meta logger with a separate sink so that you can easily notice if logging itself fails or is misconfigured.  To turn off this message, configure the meta logger with higher log levels than %o.  See also <https://logtape.org/manual/categories#meta-logger>. color: gray; background-color: white; color: black; background-color: default; color: gray; color: default; [logtape, meta] info @ https://on24static.akamaized.net/view/console/shared/js/reactions/reactions_service.gz.js?ms=71.0.0_1786560743069-1786561200000:2
[    6344ms] [INFO] %c19:00:13.850 %cINF%c %clogtape·meta %cLogTape loggers are configured.  Note that LogTape itself uses the meta logger, which has category %o.  The meta logger purposes to log internal errors such as sink exceptions.  If you are seeing this message, the meta logger is automatically configured.  It's recommended to configure the meta logger with a separate sink so that you can easily notice if logging itself fails or is misconfigured.  To turn off this message, configure the meta logger with higher log levels than %o.  See also <https://logtape.org/manual/categories#meta-logger>. color: gray; background-color: white; color: black; background-color: default; color: gray; color: default; [logtape, meta] info @ https://on24static.akamaized.net/view/console/shared/js/reactions/reactions_service.gz.js?ms=71.0.0_1786560743069-1786561200000:2
[    6345ms] [INFO] %c19:00:13.851 %cINF%c %creactions %cBuild Info: @on24/vids-reactions-service | 2.4.2 | 07a6b0a | 07a6b0aa975dc9fef4459ece819601ff2ae567cc | qa | 13043636956 | 2026-02-09T16:19:18.755Z | production color: gray; background-color: white; color: black; background-color: default; color: gray; color: default; @ https://on24static.akamaized.net/view/console/shared/js/reactions/reactions_service.gz.js?ms=71.0.0_1786560743069-1786561200000:2
[    6345ms] [INFO] %c19:00:13.851 %cINF%c %creactions %c[$init] Reactions service init params: %o color: gray; background-color: white; color: black; background-color: default; color: gray; color: default; {id_on24: 842812301, chat_id: 7492733019672338432, user_name: User Name, auth_key: F7F4C9BB567CC4A75343C12F729C0DF0, control_server: https://vids-chat.on24.com} @ https://on24static.akamaized.net/view/console/shared/js/reactions/reactions_service.gz.js?ms=71.0.0_1786560743069-1786561200000:2
[    6412ms] [ERROR] Failed to load resource: net::ERR_BLOCKED_BY_RESPONSE.NotSameOrigin @ https://sites.libsyn.com/favicon.ico:0
[    6625ms] [ERROR] Failed to load resource: the server responded with a status of 400 () @ https://vids-chat.on24.com/chat/user/join:0
[    6630ms] [LOG] [reactions-service] User is not created yet. Retrying at 3:00:24 PM @ https://on24static.akamaized.net/view/console/shared/js/reactions/reactions_service.gz.js?ms=71.0.0_1786560743069-1786561200000:2
[    8208ms] [INFO] Stream loaded @ https://on24static.akamaized.net/view/react-console/build/26.3.1/assets/index-CPtSs1nq.gz.js:1211
[    8220ms] [LOG] Warning received for not being able to autoplay @ https://on24static.akamaized.net/view/react-console/build/26.3.1/assets/index-CPtSs1nq.gz.js:1211
[    8264ms] [LOG] Warning received for not being able to autoplay @ https://on24static.akamaized.net/view/react-console/build/26.3.1/assets/index-CPtSs1nq.gz.js:1211
[    9401ms] [LOG] NotAllowedError: play() failed because the user didn't interact with the document first. https://goo.gl/xX8pDD @ https://on24static.akamaized.net/event/50/60/46/3/rt/1/slide/slide-15955204/data/player.js?E687C673:194
[   13853ms] [LOG] NotAllowedError: play() failed because the user didn't interact with the document first. https://goo.gl/xX8pDD @ https://on24static.akamaized.net/event/50/60/46/3/rt/1/slide/slide-15955204/data/player.js?E687C673:194
[   22369ms] [INFO] Stream loaded @ https://on24static.akamaized.net/view/react-console/build/26.3.1/assets/index-CPtSs1nq.gz.js:1211
[   26333ms] [INFO] Metadata start live: 1786561216000 @ https://on24static.akamaized.net/view/react-console/build/26.3.1/assets/i18n-D_LxThEO.gz.js:11297
