[     205ms] [VERBOSE] [DOM] Password field is not contained in a form: (More info: https://goo.gl/9p2vKq) %o @ https://accounts.google.com/v3/signin/identifier?authuser=0&continue=https://mail.google.com/mail/&dsh=S1479993827:1786561175631209&ec=GAlAFw&hl=en&service=mail&flowName=GlifWebSignIn&flowEntry=AddSession:0
[     226ms] [LOG] %c%s color: red; background: yellow; font-size: 24px; WARNING! @ https://www.gstatic.com/_/mss/boq-identity/_/js/k=boq-identity.AccountsSignInUi.en.2_tws7lw7gg.es5.O/am=EQEAAADfgB8JAPL__zcAgAEE2wHfswCaACEDAAAAAAAIAABYAACARgAB/d=1/excm=_b,_tp,identifierview/ed=1/dg=0/wt=2/ujg=1/rs=AOaEmlGyCzWkz_AG0Mm1UOltT0-VSK5yUA/dti=1/m=_b,_tp:553
[     227ms] [LOG] %c%s font-size: 18px; Using this console may allow attackers to impersonate you and steal your information using an attack called Self-XSS.
Do not enter or paste code that you do not understand. @ https://www.gstatic.com/_/mss/boq-identity/_/js/k=boq-identity.AccountsSignInUi.en.2_tws7lw7gg.es5.O/am=EQEAAADfgB8JAPL__zcAgAEE2wHfswCaACEDAAAAAAAIAABYAACARgAB/d=1/excm=_b,_tp,identifierview/ed=1/dg=0/wt=2/ujg=1/rs=AOaEmlGyCzWkz_AG0Mm1UOltT0-VSK5yUA/dti=1/m=_b,_tp:553
[    5330ms] [WARNING] Blocked aria-hidden on an element because its descendant retained focus. The focus must not be hidden from assistive technology users. Avoid using aria-hidden on a focused element or its ancestor. Consider using the inert attribute instead, which will also prevent focus. For more details, see the aria-hidden section of the WAI-ARIA specification at https://w3c.github.io/aria/#aria-hidden.
Element with focus: <div.VfPpkd-qNpTzb-P1ekSe VfPpkd-qNpTzb-P1ekSe-OWXEXe-A9y3zc VfPpkd-qNpTzb-P1ekSe-OWXEXe-OiiCO-IhfUye>
Ancestor with aria-hidden: <div.wuMMWb> @ https://accounts.google.com/v3/signin/identifier?authuser=0&continue=https://mail.google.com/mail/&dsh=S1479993827:1786561175631209&ec=GAlAFw&hl=en&service=mail&flowName=GlifWebSignIn&flowEntry=AddSession:0
[    6295ms] [VERBOSE] [DOM] Password field is not contained in a form: (More info: https://goo.gl/9p2vKq) %o @ https://accounts.google.com/v3/signin/challenge/pwd?TL=AE6FvybWrkSnuxLvtRg8FTHLnAnlIyIefBgfcH2W4oihK01ACcL25v1usTHqnAMz&authuser=0&checkConnection=youtube%3A702&checkedDomains=youtube&cid=1&continue=https%3A%2F%2Fmail.google.com%2Fmail%2F&dsh=S1479993827%3A1786561175631209&ec=GAlAFw&flowEntry=AddSession&flowName=GlifWebSignIn&hl=en&pstMsg=1&service=mail:0
[   13619ms] [LOG] %c%s color: red; background: yellow; font-size: 24px; WARNING! @ https://www.gstatic.com/_/mss/boq-identity/_/js/k=boq-identity.SpeedBumpPasskeyEnrollmentUi.en.m7WRnRKvmMM.es5.O/am=BAAAAD5AAPD_b4BgHfAMADAAAAAAACAAAGAAABAI/d=1/excm=_b,_tp,passkeyenrollmentview/ed=1/dg=0/wt=2/ujg=1/rs=AOaEmlE59X8nxu7lGS1pM-POsiwyZhQKyA/dti=1/m=_b,_tp:525
[   13619ms] [LOG] %c%s font-size: 18px; Using this console may allow attackers to impersonate you and steal your information using an attack called Self-XSS.
Do not enter or paste code that you do not understand. @ https://www.gstatic.com/_/mss/boq-identity/_/js/k=boq-identity.SpeedBumpPasskeyEnrollmentUi.en.m7WRnRKvmMM.es5.O/am=BAAAAD5AAPD_b4BgHfAMADAAAAAAACAAAGAAABAI/d=1/excm=_b,_tp,passkeyenrollmentview/ed=1/dg=0/wt=2/ujg=1/rs=AOaEmlE59X8nxu7lGS1pM-POsiwyZhQKyA/dti=1/m=_b,_tp:525
[   44126ms] [WARNING] Blocked aria-hidden on an element because its descendant retained focus. The focus must not be hidden from assistive technology users. Avoid using aria-hidden on a focused element or its ancestor. Consider using the inert attribute instead, which will also prevent focus. For more details, see the aria-hidden section of the WAI-ARIA specification at https://w3c.github.io/aria/#aria-hidden.
Element with focus: <div.VfPpkd-qNpTzb-P1ekSe VfPpkd-qNpTzb-P1ekSe-OWXEXe-A9y3zc VfPpkd-qNpTzb-P1ekSe-OWXEXe-OiiCO-IhfUye>
Ancestor with aria-hidden: <div.wuMMWb> @ https://accounts.google.com/v3/signin/speedbump/passkeyenrollment?TL=AE6FvybWrkSnuxLvtRg8FTHLnAnlIyIefBgfcH2W4oihK01ACcL25v1usTHqnAMz&authuser=0&checkConnection=youtube%3A702&checkedDomains=youtube&continue=https%3A%2F%2Fmail.google.com%2Fmail%2F&dsh=S1479993827%3A1786561175631209&ec=GAlAFw&flowEntry=AddSession&flowName=GlifWebSignIn&hl=en&pstMsg=1&service=mail:0
[   73057ms] [LOG] %c%s color: red; background: yellow; font-size: 24px; WARNING! @ https://www.gstatic.com/_/mss/boq-googlegrowth/_/js/k=boq-googlegrowth.GrowthOnboardUi.en.S3nAclAq7FY.2018.O/am=AAAAAIAMABgAAEAC/d=1/excm=_b,_tp,landingview/ed=1/dg=0/wt=2/ujg=1/rs=AF-uQDk1cPfBX9xrisux9KQ-g0OTH6SmdA/dti=1/m=_b,_tp:334
[   73057ms] [LOG] %c%s font-size: 18px; Using this console may allow attackers to impersonate you and steal your information using an attack called Self-XSS.
Do not enter or paste code that you do not understand. @ https://www.gstatic.com/_/mss/boq-googlegrowth/_/js/k=boq-googlegrowth.GrowthOnboardUi.en.S3nAclAq7FY.2018.O/am=AAAAAIAMABgAAEAC/d=1/excm=_b,_tp,landingview/ed=1/dg=0/wt=2/ujg=1/rs=AF-uQDk1cPfBX9xrisux9KQ-g0OTH6SmdA/dti=1/m=_b,_tp:334
[   74242ms] [WARNING] Blocked aria-hidden on an element because its descendant retained focus. The focus must not be hidden from assistive technology users. Avoid using aria-hidden on a focused element or its ancestor. Consider using the inert attribute instead, which will also prevent focus. For more details, see the aria-hidden section of the WAI-ARIA specification at https://w3c.github.io/aria/#aria-hidden.
Element with focus: <input.VfPpkd-fmcmS-wGMbrd #c1>
Ancestor with aria-hidden: <c-wiz.SSPGKf oCHqfe> @ https://gds.google.com/web/homeaddress?cardIndex=0&cdt=ad&hl=en&authuser=1&tda=CAA&gdsid=-1344467030&continue=https%3A%2F%2Faccounts.google.com%2FServiceLogin%3Fcontinue%3Dhttps%3A%2F%2Fmail.google.com%2Fmail%2F%26service%3Dmail%26hl%3Den%26authuser%3D1%26passive%3Dtrue%26sarp%3D1%26aodrpl%3D1%26checkedDomains%3Dyoutube%26checkConnection%3Dyoutube%3A702%26pstMsg%3D1&rapt=AEjHL4N7-YIoA-69iKkPYtuW71PU3kSzaew3F_bPSJ1pSfR2oHH24wPu56CWdYOKa-Y962I2qhv0dma_lVdwXCWO-3LCttFZbA&ep=p:0
[   81407ms] [WARNING] Manifest: property 'migrate_from' ignored, manifest must specify an 'id' property in order to receive a migration. @ https://mail.google.com/mail/u/1/manifest.json:0
[   81686ms] [WARNING] Deprecated API for given entry type. @ https://mail.google.com/_/scs/mail-static/_/js/k=gmail.main.en.iRVbCTkQb3I.es5.OL/am=wAIAAABA-aOA8_-eHmwAAQD_y-HP7wN_Lej-_2EgBPwQsDIa0ANQWSu8-P__381eA-D3Nlxj-PyRAIAAraNb5cNDhqs0AgBcAADAqU1uMwAAAAAAAAAAAAAAAAAAAIDPaJtJwA/d=1/exm=b/ed=1/im=1/dg=0/br=1/wt=1/rs=AHGWq9Be8R-RKxc0-5vZb3NyAsYxslaNug/cb=loaded_1/m=a?cb=0743796a:2308
[   82935ms] [ERROR] Failed to load resource: the server responded with a status of 403 () @ https://mail.google.com/mail/u/1/?ui=2&ik=007400c07b&jsver=iRVbCTkQb3I.en.L.es5&cbl=gmail.pinto-server_20260804.03_p0&rid=mail%3Ai.d838.1.0&view=up&act=prefs&_reqid=154063&at&pcd=1&cfinact=7117&mb=0&rt=c:0
