[    3148ms] [LOG] %c
▲

    ________   _ __ _          ____           __
   /  _/ __/  (_) /( )_____   / __/___ ______/ /_
   / // /_   / / __/// ___/  / /_/ __ `/ ___/ __/
 _/ // __/  / / /_  (__  )  / __/ /_/ (__  ) /_
/___/_/    /_/\__/ /____/  /_/  \__,_/____/\__/
    _ __ _                         _    __                    __
   (_) /( )_____   ____  ____     | |  / /__  _____________  / /
  / / __/// ___/  / __ \/ __ \    | | / / _ \/ ___/ ___/ _ \/ /
 / / /_  (__  )  / /_/ / / / /    | |/ /  __/ /  / /__/  __/ /
/_/\__/ /____/   \____/_/ /_/     |___/\___/_/   \___/\___/_/
  

Hello!

- Open Source https://vercel.com/oss
- Careers https://vercel.com/careers
- Status https://vercel-status.com

 font-family: "Geist Mono", monospace; white-space: pre; line-height: 1; @ https://vercel.com/_next/static/immutable/chunks/376zg48e2q1_m.js:78
[    3681ms] [WARNING] [GSI_LOGGER]: Your client application uses one of the Google One Tap prompt UI status methods that may stop functioning when FedCM becomes mandatory. Refer to the migration guide to update your code accordingly and opt-in to FedCM to test your changes. Learn more: https://developers.google.com/identity/gsi/web/guides/fedcm-migration?s=dc#display_moment and https://developers.google.com/identity/gsi/web/guides/fedcm-migration?s=dc#skipped_moment @ https://accounts.google.com/gsi/client:86
[    3877ms] [WARNING] Deprecated API for given entry type. @ https://vercel.com/_next/static/immutable/chunks/2okpd0efl30i_.js:18
[    4127ms] [ERROR] Failed to load resource: the server responded with a status of 403 () @ https://vercel.com/api/jwt:0
[    7355ms] [WARNING] The resource https://vercel.com/_next/static/immutable/chunks/21rw_-yth3n_r.css was preloaded using link preload but not used within a few seconds from the window's load event. Please make sure it has an appropriate `as` value and it is preloaded intentionally. @ https://vercel.com/login?next=%2Fsso-api%3Furl%3Dhttps%253A%252F%252Fcubearena-jex1jur5p-arhaansareen-5321s-projects.vercel.app%252F%26nonce%3D0d40922c7763e8a2bfd4d98aec066d52d3c3e71d1f16e9fca59b2cfea75a4045:0
[    7355ms] [WARNING] The resource https://vercel.com/_next/static/immutable/chunks/0675f6levhr41.css was preloaded using link preload but not used within a few seconds from the window's load event. Please make sure it has an appropriate `as` value and it is preloaded intentionally. @ https://vercel.com/login?next=%2Fsso-api%3Furl%3Dhttps%253A%252F%252Fcubearena-jex1jur5p-arhaansareen-5321s-projects.vercel.app%252F%26nonce%3D0d40922c7763e8a2bfd4d98aec066d52d3c3e71d1f16e9fca59b2cfea75a4045:0
[    7355ms] [WARNING] The resource https://vercel.com/_next/static/immutable/chunks/3flhcz7cw314y.css was preloaded using link preload but not used within a few seconds from the window's load event. Please make sure it has an appropriate `as` value and it is preloaded intentionally. @ https://vercel.com/login?next=%2Fsso-api%3Furl%3Dhttps%253A%252F%252Fcubearena-jex1jur5p-arhaansareen-5321s-projects.vercel.app%252F%26nonce%3D0d40922c7763e8a2bfd4d98aec066d52d3c3e71d1f16e9fca59b2cfea75a4045:0
[   17889ms] [ERROR] The request has been aborted. @ https://vercel.com/login?next=%2Fsso-api%3Furl%3Dhttps%253A%252F%252Fcubearena-jex1jur5p-arhaansareen-5321s-projects.vercel.app%252F%26nonce%3D0d40922c7763e8a2bfd4d98aec066d52d3c3e71d1f16e9fca59b2cfea75a4045:0
[   17895ms] [ERROR] [GSI_LOGGER]: FedCM get() rejects with AbortError: signal is aborted without reason @ https://vercel.com/_next/static/immutable/chunks/0yzwfrb5r5y5j.js:8
[   17964ms] [ERROR] Failed to load resource: the server responded with a status of 429 () @ https://o205439.ingest.sentry.io/api/1323670/envelope/?sentry_key=d00780d432ac4ccf882f60dd02062e14&sentry_version=7&sentry_client=sentry.javascript.browser%2F7.111.0:0
[   22994ms] [WARNING] [CubeArena] Firebase environment variables are not configured. Copy .env.local and fill in your Firebase project credentials. Missing or placeholder values: VITE_FIREBASE_API_KEY, VITE_FIREBASE_AUTH_DOMAIN, VITE_FIREBASE_PROJECT_ID, VITE_FIREBASE_STORAGE_BUCKET, VITE_FIREBASE_MESSAGING_SENDER_ID, VITE_FIREBASE_APP_ID @ https://cubearena-jex1jur5p-arhaansareen-5321s-projects.vercel.app/assets/index-CEKtHsD1.js:1836
[   22995ms] [WARNING] [CubeArena] Firebase initialization failed. Running in offline mode. FirebaseError: Firebase: Error (auth/invalid-api-key).
    at lg (https://cubearena-jex1jur5p-arhaansareen-5321s-projects.vercel.app/assets/index-CEKtHsD1.js:443:535)
    at ce (https://cubearena-jex1jur5p-arhaansareen-5321s-projects.vercel.app/assets/index-CEKtHsD1.js:443:584)
    at Ts.instanceFactory (https://cubearena-jex1jur5p-arhaansareen-5321s-projects.vercel.app/assets/index-CEKtHsD1.js:1538:395)
    at yP.getOrInitializeService (https://cubearena-jex1jur5p-arhaansareen-5321s-projects.vercel.app/assets/index-CEKtHsD1.js:233:2782)
    at yP.initialize (https://cubearena-jex1jur5p-arhaansareen-5321s-projects.vercel.app/assets/index-CEKtHsD1.js:233:2139)
    at sj (https://cubearena-jex1jur5p-arhaansareen-5321s-projects.vercel.app/assets/index-CEKtHsD1.js:848:167)
    at UO (https://cubearena-jex1jur5p-arhaansareen-5321s-projects.vercel.app/assets/index-CEKtHsD1.js:1553:410)
    at https://cubearena-jex1jur5p-arhaansareen-5321s-projects.vercel.app/assets/index-CEKtHsD1.js:1837:1510 @ https://cubearena-jex1jur5p-arhaansareen-5321s-projects.vercel.app/assets/index-CEKtHsD1.js:1836
[148083564ms] [WARNING] [CubeArena] Firebase environment variables are not configured. Copy .env.local and fill in your Firebase project credentials. Missing or placeholder values: VITE_FIREBASE_API_KEY, VITE_FIREBASE_AUTH_DOMAIN, VITE_FIREBASE_PROJECT_ID, VITE_FIREBASE_STORAGE_BUCKET, VITE_FIREBASE_MESSAGING_SENDER_ID, VITE_FIREBASE_APP_ID @ https://cubearena-jex1jur5p-arhaansareen-5321s-projects.vercel.app/assets/index-CEKtHsD1.js:1836
[148083567ms] [WARNING] [CubeArena] Firebase initialization failed. Running in offline mode. FirebaseError: Firebase: Error (auth/invalid-api-key).
    at lg (https://cubearena-jex1jur5p-arhaansareen-5321s-projects.vercel.app/assets/index-CEKtHsD1.js:443:535)
    at ce (https://cubearena-jex1jur5p-arhaansareen-5321s-projects.vercel.app/assets/index-CEKtHsD1.js:443:584)
    at Ts.instanceFactory (https://cubearena-jex1jur5p-arhaansareen-5321s-projects.vercel.app/assets/index-CEKtHsD1.js:1538:395)
    at yP.getOrInitializeService (https://cubearena-jex1jur5p-arhaansareen-5321s-projects.vercel.app/assets/index-CEKtHsD1.js:233:2782)
    at yP.initialize (https://cubearena-jex1jur5p-arhaansareen-5321s-projects.vercel.app/assets/index-CEKtHsD1.js:233:2139)
    at sj (https://cubearena-jex1jur5p-arhaansareen-5321s-projects.vercel.app/assets/index-CEKtHsD1.js:848:167)
    at UO (https://cubearena-jex1jur5p-arhaansareen-5321s-projects.vercel.app/assets/index-CEKtHsD1.js:1553:410)
    at https://cubearena-jex1jur5p-arhaansareen-5321s-projects.vercel.app/assets/index-CEKtHsD1.js:1837:1510 @ https://cubearena-jex1jur5p-arhaansareen-5321s-projects.vercel.app/assets/index-CEKtHsD1.js:1836
